// Jest Snapshot v1, https://goo.gl/fbAQLP

exports[`FileService List Contents first 1`] = `
Array [
  Object {
    "createAt": 2020-06-04T17:47:24.903Z,
    "id": "fa2354cd-934e-458b-bd87-6bcaaee50ae3",
    "kind": 0,
    "name": "[ROOT]",
    "parentId": null,
    "size": null,
    "updateAt": 2020-06-04T17:47:24.903Z,
  },
  Object {
    "createAt": 2020-06-04T17:47:24.926Z,
    "id": "4d8ab2b5-24f3-4d77-aa8e-fbb23e8c14a6",
    "kind": 0,
    "name": "test",
    "parentId": "fa2354cd-934e-458b-bd87-6bcaaee50ae3",
    "size": null,
    "updateAt": 2020-06-04T17:47:24.926Z,
  },
]
`;
